


ARM Macro Assembler    Page 1 


    1 00000000                 AREA             exercise1_2, CODE, READONLY
    2 00000000                 EXPORT           RESET_HANDLER1_2
    3 00000000         RESET_HANDLER1_2
    4 00000000         
    5 00000000 E3E0109C 
                       START   MOV              R1, #0xffffff63
    6 00000004 E3A0209C        MVN              R2, #0xffffff63
    7 00000008 E1A03001        MOV              R3, R1
    8 0000000C EAFFFFFE 
                       STOP    B                STOP
    9 00000010                 END
Command Line: --debug --xref --apcs=interwork --depend=.\excercise1_2.d -o.\exc
ercise1_2.o -IC:\Keil\ARM\RV31\INC -IC:\Keil\ARM\CMSIS\Include --predefine="__E
VAL SETA 1" --list=.\excercise1_2.lst Excercise1_2.s



ARM Macro Assembler    Page 1 Alphabetic symbol ordering
Relocatable symbols

RESET_HANDLER1_2 00000000

Symbol: RESET_HANDLER1_2
   Definitions
      At line 3 in file Excercise1_2.s
   Uses
      At line 2 in file Excercise1_2.s
Comment: RESET_HANDLER1_2 used once
START 00000000

Symbol: START
   Definitions
      At line 5 in file Excercise1_2.s
   Uses
      None
Comment: START unused
STOP 0000000C

Symbol: STOP
   Definitions
      At line 8 in file Excercise1_2.s
   Uses
      At line 8 in file Excercise1_2.s
Comment: STOP used once
exercise1_2 00000000

Symbol: exercise1_2
   Definitions
      At line 1 in file Excercise1_2.s
   Uses
      None
Comment: exercise1_2 unused
4 symbols
335 symbols in table
