ARM Linker, 5.03 [Build 76] [MDK-ARM Lite]

==============================================================================

Section Cross References



==============================================================================

Image Symbol Table

    Local Symbols

    Symbol Name                              Value     Ov Type        Size  Object(Section)

    MyFirst                                  0x00000000   Section       20  excercise1_1.o(MyFirst)
    Excercise1_1.s                           0x00000000   Number         0  excercise1_1.o ABSOLUTE
    Excercise1_2.s                           0x00000000   Number         0  excercise1_2.o ABSOLUTE
    Excercise1_3.s                           0x00000000   Number         0  excercise1_3.o ABSOLUTE
    exercise1_2                              0x00000014   Section       16  excercise1_2.o(exercise1_2)
    exercise1_3                              0x00000024   Section       52  excercise1_3.o(exercise1_3)

    Global Symbols

    Symbol Name                              Value     Ov Type        Size  Object(Section)

    BuildAttributes$$THM_ISAv1$ARM_ISAv4$S$PE$A:L22$X:L11$S22$IEEE1$IW$USESV6$~STKCKD$USESV7$~SHL$OSPACE$EBA8$STANDARDLIB$PRES8$EABIv2 0x00000000   Number         0  anon$$obj.o ABSOLUTE
    RESET_HANDLER                            0x00000000   ARM Code       0  excercise1_1.o(MyFirst)
    RESET_HANDLER1_2                         0x00000014   ARM Code       0  excercise1_2.o(exercise1_2)
    RESET_HANDLER1_3                         0x00000024   ARM Code       0  excercise1_3.o(exercise1_3)



==============================================================================

Memory Map of the image

  Image Entry point : 0x00000000

  Load Region LR_1 (Base: 0x00000000, Size: 0x00000058, Max: 0xffffffff, ABSOLUTE)

    Execution Region ER_RO (Base: 0x00000000, Size: 0x00000058, Max: 0xffffffff, ABSOLUTE)

    Base Addr    Size         Type   Attr      Idx    E Section Name        Object

    0x00000000   0x00000014   Code   RO            6  * MyFirst             excercise1_1.o
    0x00000014   0x00000010   Code   RO            1    exercise1_2         excercise1_2.o
    0x00000024   0x00000034   Code   RO            9    exercise1_3         excercise1_3.o


    Execution Region ER_RW (Base: 0x00000000, Size: 0x00000000, Max: 0xffffffff, ABSOLUTE)

    **** No section assigned to this execution region ****


    Execution Region ER_ZI (Base: 0x00000000, Size: 0x00000000, Max: 0xffffffff, ABSOLUTE)

    **** No section assigned to this execution region ****


==============================================================================

Image component sizes


      Code (inc. data)   RO Data    RW Data    ZI Data      Debug   Object Name

        20          0          0          0          0        168   excercise1_1.o
        16          0          0          0          0        200   excercise1_2.o
        52          0          0          0          0        176   excercise1_3.o

    ----------------------------------------------------------------------
        88          0          0          0          0        544   Object Totals
         0          0          0          0          0          0   (incl. Generated)
         0          0          0          0          0          0   (incl. Padding)

    ----------------------------------------------------------------------
         0          0          0          0          0          0   Library Totals
         0          0          0          0          0          0   (incl. Padding)

    ----------------------------------------------------------------------

==============================================================================


      Code (inc. data)   RO Data    RW Data    ZI Data      Debug   

        88          0          0          0          0        544   Grand Totals
        88          0          0          0          0        544   ELF Image Totals
        88          0          0          0          0          0   ROM Totals

==============================================================================

    Total RO  Size (Code + RO Data)                   88 (   0.09kB)
    Total RW  Size (RW Data + ZI Data)                 0 (   0.00kB)
    Total ROM Size (Code + RO Data + RW Data)         88 (   0.09kB)

==============================================================================

