


ARM Macro Assembler    Page 1 


    1 00000000                 AREA             Excercise, CODE, READONLY
    2 00000000                 EXPORT           RESET_HANDLER
    3 00000000         RESET_HANDLER
    4 00000000         
    5 00000000 E59F1014 
                       START   LDR              R1, =0x000004AF ; R1,R2 togethe
                                                            r form one 64 bit n
                                                            umber(MSB is in R1)
                                                            
    6 00000004 E59F2014        LDR              R2, =0x32ADBC14 ; note here num
                                                            bers are represente
                                                            d using 2’s complem
                                                            ent  
    7 00000008 E59F3014        LDR              R3, =0xAFF123F0 ; R3,R4 togethe
                                                            r form another 64 b
                                                            it number(MSB is in
                                                             R3)
    8 0000000C E59F4014        LDR              R4, =0xF1264923 ;
    9 00000010 E0746002        RSBS             R6, R4, R2  ; sub the least sig
                                                            nificant words
   10 00000014 E0E35001        RSC              R5, R3, R1  ; sub the most sign
                                                            ificant words
   11 00000018 EAFFFFFE 
                       STOP    B                STOP        ; R6,R5 together fo
                                                            rm one 64 bit sum (
                                                            MSB is in R6)
   12 0000001C                 END
              000004AF 
              32ADBC14 
              AFF123F0 
              F1264923 
Command Line: --debug --xref --apcs=interwork --depend=.\excercise_21.d -o.\exc
ercise_21.o -IC:\Keil\ARM\RV31\INC -IC:\Keil\ARM\CMSIS\Include --predefine="__E
VAL SETA 1" --list=.\excercise_21.lst Excercise_21.s



ARM Macro Assembler    Page 1 Alphabetic symbol ordering
Relocatable symbols

Excercise 00000000

Symbol: Excercise
   Definitions
      At line 1 in file Excercise_21.s
   Uses
      None
Comment: Excercise unused
RESET_HANDLER 00000000

Symbol: RESET_HANDLER
   Definitions
      At line 3 in file Excercise_21.s
   Uses
      At line 2 in file Excercise_21.s
Comment: RESET_HANDLER used once
START 00000000

Symbol: START
   Definitions
      At line 5 in file Excercise_21.s
   Uses
      None
Comment: START unused
STOP 00000018

Symbol: STOP
   Definitions
      At line 11 in file Excercise_21.s
   Uses
      At line 11 in file Excercise_21.s
Comment: STOP used once
4 symbols
337 symbols in table
