<html>
<body>
<pre>
<h1>µVision Build Log</h1>
<h2>Project:</h2>
D:\NITK files\Sem 4\EC210\LAB2\lab2.uvproj
Project File Date:  02/14/2022

<h2>Output:</h2>
Build target 'Target 1'
assembling Excercise_21.s...
linking...
Program Size: Code=20 RO-data=0 RW-data=0 ZI-data=0  
".\lab2.axf" - 0 Errors, 0 Warning(s).
Build target 'Target 1'
assembling Excercise_21.s...
Excercise_21.s(9): error: A1163E: Unknown opcode ADDC , expecting opcode or Macro
".\lab2.axf" - 1 Errors, 0 Warning(s).
Target not created
Build target 'Target 1'
assembling Excercise_21.s...
linking...
Program Size: Code=24 RO-data=0 RW-data=0 ZI-data=0  
".\lab2.axf" - 0 Errors, 0 Warning(s).
Build target 'Target 1'
assembling Excercise_21.s...
Excercise_21.s(10): error: A1510E: Immediate 0x000004CF cannot be represented by 0-255 and a rotation
".\lab2.axf" - 1 Errors, 0 Warning(s).
Target not created
Build target 'Target 1'
assembling Excercise_21.s...
Excercise_21.s(10): error: A1510E: Immediate 0x000004CF cannot be represented by 0-255 and a rotation
".\lab2.axf" - 1 Errors, 0 Warning(s).
Target not created
Build target 'Target 1'
assembling Excercise_21.s...
Excercise_21.s(10): error: A1510E: Immediate 0x000004CF cannot be represented by 0-255 and a rotation
".\lab2.axf" - 1 Errors, 0 Warning(s).
Target not created
Build target 'Target 1'
assembling Excercise_21.s...
Excercise_21.s(10): error: A1510E: Immediate 0x000004CF cannot be represented by 0-255 and a rotation
".\lab2.axf" - 1 Errors, 0 Warning(s).
Target not created
Build target 'Target 1'
assembling Excercise_21.s...
Excercise_21.s(10): error: A1510E: Immediate 0x000004CF cannot be represented by 0-255 and a rotation
".\lab2.axf" - 1 Errors, 0 Warning(s).
Target not created
Build target 'Target 1'
assembling Excercise_21.s...
Excercise_21.s(10): error: A1510E: Immediate 0x000004CF cannot be represented by 0-255 and a rotation
".\lab2.axf" - 1 Errors, 0 Warning(s).
Target not created
Build target 'Target 1'
assembling Excercise_21.s...
Excercise_21.s(10): error: A1510E: Immediate 0x000004CF cannot be represented by 0-255 and a rotation
".\lab2.axf" - 1 Errors, 0 Warning(s).
Target not created
Build target 'Target 1'
assembling Excercise_21.s...
Excercise_21.s(10): error: A1510E: Immediate 0x000004CF cannot be represented by 0-255 and a rotation
".\lab2.axf" - 1 Errors, 0 Warning(s).
Target not created
Build target 'Target 1'
assembling Excercise_21.s...
Excercise_21.s(10): error: A1510E: Immediate 0x000004CF cannot be represented by 0-255 and a rotation
".\lab2.axf" - 1 Errors, 0 Warning(s).
Target not created
Build target 'Target 1'
assembling Excercise_21.s...
Excercise_21.s(10): error: A1510E: Immediate 0x000004CF cannot be represented by 0-255 and a rotation
".\lab2.axf" - 1 Errors, 0 Warning(s).
Target not created
Build target 'Target 1'
assembling Excercise_21.s...
Excercise_21.s(10): error: A1510E: Immediate 0x000004CF cannot be represented by 0-255 and a rotation
".\lab2.axf" - 1 Errors, 0 Warning(s).
Target not created
Build target 'Target 1'
assembling Excercise_21.s...
Excercise_21.s(10): error: A1510E: Immediate 0x000004CF cannot be represented by 0-255 and a rotation
".\lab2.axf" - 1 Errors, 0 Warning(s).
Target not created
Build target 'Target 1'
assembling Excercise_21.s...
Excercise_21.s(10): error: A1510E: Immediate 0x000004CF cannot be represented by 0-255 and a rotation
".\lab2.axf" - 1 Errors, 0 Warning(s).
Target not created
Build target 'Target 1'
assembling Excercise_21.s...
Excercise_21.s(10): error: A1510E: Immediate 0x000004CF cannot be represented by 0-255 and a rotation
".\lab2.axf" - 1 Errors, 0 Warning(s).
Target not created
Build target 'Target 1'
assembling Excercise_21.s...
Excercise_21.s(10): error: A1510E: Immediate 0x000004CF cannot be represented by 0-255 and a rotation
".\lab2.axf" - 1 Errors, 0 Warning(s).
Target not created
Build target 'Target 1'
assembling Excercise_21.s...
Excercise_21.s(10): error: A1510E: Immediate 0x000004CF cannot be represented by 0-255 and a rotation
".\lab2.axf" - 1 Errors, 0 Warning(s).
Target not created
Build target 'Target 1'
assembling Excercise_21.s...
Excercise_21.s(10): error: A1510E: Immediate 0x000004CF cannot be represented by 0-255 and a rotation
".\lab2.axf" - 1 Errors, 0 Warning(s).
Target not created
Build target 'Target 1'
assembling Excercise_21.s...
Excercise_21.s(10): error: A1510E: Immediate 0x000004CF cannot be represented by 0-255 and a rotation
".\lab2.axf" - 1 Errors, 0 Warning(s).
Target not created
Build target 'Target 1'
assembling Excercise_21.s...
Excercise_21.s(10): error: A1510E: Immediate 0x000004CF cannot be represented by 0-255 and a rotation
".\lab2.axf" - 1 Errors, 0 Warning(s).
Target not created
Build target 'Target 1'
assembling Excercise_21.s...
Excercise_21.s(10): error: A1510E: Immediate 0x000004CF cannot be represented by 0-255 and a rotation
".\lab2.axf" - 1 Errors, 0 Warning(s).
Target not created
Build target 'Target 1'
assembling Excercise_21.s...
Excercise_21.s(10): error: A1510E: Immediate 0x000004CF cannot be represented by 0-255 and a rotation
".\lab2.axf" - 1 Errors, 0 Warning(s).
Target not created
Build target 'Target 1'
assembling Excercise_21.s...
Excercise_21.s(10): error: A1510E: Immediate 0x000004CF cannot be represented by 0-255 and a rotation
".\lab2.axf" - 1 Errors, 0 Warning(s).
Target not created
Build target 'Target 1'
assembling Excercise_21.s...
Excercise_21.s(10): error: A1510E: Immediate 0x000004CF cannot be represented by 0-255 and a rotation
".\lab2.axf" - 1 Errors, 0 Warning(s).
Target not created
Build target 'Target 1'
assembling Excercise_21.s...
linking...
Program Size: Code=28 RO-data=0 RW-data=0 ZI-data=0  
".\lab2.axf" - 0 Errors, 0 Warning(s).
Build target 'Target 1'
assembling Excercise_21.s...
Excercise_21.s(10): error: A1510E: Immediate 0x00002BDF cannot be represented by 0-255 and a rotation
".\lab2.axf" - 1 Errors, 0 Warning(s).
Target not created
Build target 'Target 1'
assembling Excercise_21.s...
Excercise_21.s(10): error: A1510E: Immediate 0x00002BDF cannot be represented by 0-255 and a rotation
".\lab2.axf" - 1 Errors, 0 Warning(s).
Target not created
Build target 'Target 1'
assembling Excercise_21.s...
Excercise_21.s(10): error: A1510E: Immediate 0x00002BDF cannot be represented by 0-255 and a rotation
".\lab2.axf" - 1 Errors, 0 Warning(s).
Target not created
Build target 'Target 1'
assembling Excercise_21.s...
Excercise_21.s(10): error: A1510E: Immediate 0x00002BDF cannot be represented by 0-255 and a rotation
".\lab2.axf" - 1 Errors, 0 Warning(s).
Target not created
Build target 'Target 1'
assembling Excercise_21.s...
Excercise_21.s(10): error: A1510E: Immediate 0x00002BDF cannot be represented by 0-255 and a rotation
".\lab2.axf" - 1 Errors, 0 Warning(s).
Target not created
Build target 'Target 1'
assembling Excercise_21.s...
Excercise_21.s(10): error: A1510E: Immediate 0x00002BDF cannot be represented by 0-255 and a rotation
".\lab2.axf" - 1 Errors, 0 Warning(s).
Target not created
Build target 'Target 1'
assembling Excercise_21.s...
Excercise_21.s(10): error: A1510E: Immediate 0x00002BDF cannot be represented by 0-255 and a rotation
".\lab2.axf" - 1 Errors, 0 Warning(s).
Target not created
Build target 'Target 1'
assembling Excercise_21.s...
Excercise_21.s(10): error: A1510E: Immediate 0x00002BDF cannot be represented by 0-255 and a rotation
".\lab2.axf" - 1 Errors, 0 Warning(s).
Target not created
Build target 'Target 1'
assembling Excercise_21.s...
Excercise_21.s(10): error: A1510E: Immediate 0x00002BDF cannot be represented by 0-255 and a rotation
".\lab2.axf" - 1 Errors, 0 Warning(s).
Target not created
Build target 'Target 1'
assembling Excercise_21.s...
Excercise_21.s(10): error: A1510E: Immediate 0x00002BDF cannot be represented by 0-255 and a rotation
".\lab2.axf" - 1 Errors, 0 Warning(s).
Target not created
Build target 'Target 1'
assembling Excercise_21.s...
Excercise_21.s(10): error: A1510E: Immediate 0x00002BDF cannot be represented by 0-255 and a rotation
".\lab2.axf" - 1 Errors, 0 Warning(s).
Target not created
Build target 'Target 1'
assembling Excercise_21.s...
Excercise_21.s(10): error: A1510E: Immediate 0x00002BDF cannot be represented by 0-255 and a rotation
".\lab2.axf" - 1 Errors, 0 Warning(s).
Target not created
Build target 'Target 1'
assembling Excercise_21.s...
Excercise_21.s(10): error: A1510E: Immediate 0x00002BDF cannot be represented by 0-255 and a rotation
".\lab2.axf" - 1 Errors, 0 Warning(s).
Target not created
Build target 'Target 1'
assembling Excercise_21.s...
Excercise_21.s(10): error: A1510E: Immediate 0x00002BDF cannot be represented by 0-255 and a rotation
".\lab2.axf" - 1 Errors, 0 Warning(s).
Target not created
Build target 'Target 1'
assembling Excercise_21.s...
Excercise_21.s(10): error: A1510E: Immediate 0x00002BDF cannot be represented by 0-255 and a rotation
".\lab2.axf" - 1 Errors, 0 Warning(s).
Target not created
Build target 'Target 1'
assembling Excercise_21.s...
Excercise_21.s(10): error: A1510E: Immediate 0x00002BDF cannot be represented by 0-255 and a rotation
".\lab2.axf" - 1 Errors, 0 Warning(s).
Target not created
Build target 'Target 1'
assembling Excercise_21.s...
Excercise_21.s(10): error: A1510E: Immediate 0x00002BDF cannot be represented by 0-255 and a rotation
".\lab2.axf" - 1 Errors, 0 Warning(s).
Target not created
Build target 'Target 1'
assembling Excercise_21.s...
Excercise_21.s(10): error: A1510E: Immediate 0x00002BDF cannot be represented by 0-255 and a rotation
".\lab2.axf" - 1 Errors, 0 Warning(s).
Target not created
Build target 'Target 1'
assembling Excercise_21.s...
Excercise_21.s(10): error: A1510E: Immediate 0x00002BDF cannot be represented by 0-255 and a rotation
".\lab2.axf" - 1 Errors, 0 Warning(s).
Target not created
Build target 'Target 1'
assembling Excercise_21.s...
Excercise_21.s(10): error: A1510E: Immediate 0x00002BDF cannot be represented by 0-255 and a rotation
".\lab2.axf" - 1 Errors, 0 Warning(s).
Target not created
Build target 'Target 1'
assembling Excercise_21.s...
Excercise_21.s(10): error: A1510E: Immediate 0x00002BDF cannot be represented by 0-255 and a rotation
".\lab2.axf" - 1 Errors, 0 Warning(s).
Target not created
Build target 'Target 1'
assembling Excercise_21.s...
Excercise_21.s(10): error: A1510E: Immediate 0x00002BDF cannot be represented by 0-255 and a rotation
".\lab2.axf" - 1 Errors, 0 Warning(s).
Target not created
Build target 'Target 1'
assembling Excercise_21.s...
Excercise_21.s(10): error: A1510E: Immediate 0x00002BDF cannot be represented by 0-255 and a rotation
".\lab2.axf" - 1 Errors, 0 Warning(s).
Target not created
Build target 'Target 1'
assembling Excercise_21.s...
Excercise_21.s(10): error: A1510E: Immediate 0x00002BDF cannot be represented by 0-255 and a rotation
".\lab2.axf" - 1 Errors, 0 Warning(s).
Target not created
Build target 'Target 1'
assembling Excercise_21.s...
Excercise_21.s(10): error: A1510E: Immediate 0x00002BDF cannot be represented by 0-255 and a rotation
".\lab2.axf" - 1 Errors, 0 Warning(s).
Target not created
Build target 'Target 1'
assembling Excercise_21.s...
Excercise_21.s(10): error: A1510E: Immediate 0x00002BDF cannot be represented by 0-255 and a rotation
".\lab2.axf" - 1 Errors, 0 Warning(s).
Target not created
Build target 'Target 1'
assembling Excercise_21.s...
Excercise_21.s(10): error: A1510E: Immediate 0x00002BDF cannot be represented by 0-255 and a rotation
".\lab2.axf" - 1 Errors, 0 Warning(s).
Target not created
Build target 'Target 1'
assembling Excercise_21.s...
Excercise_21.s(10): error: A1510E: Immediate 0x00002BDF cannot be represented by 0-255 and a rotation
".\lab2.axf" - 1 Errors, 0 Warning(s).
Target not created
Build target 'Target 1'
assembling Excercise_21.s...
Excercise_21.s(10): error: A1510E: Immediate 0x00002BDF cannot be represented by 0-255 and a rotation
".\lab2.axf" - 1 Errors, 0 Warning(s).
Target not created
Build target 'Target 1'
assembling Excercise_21.s...
Excercise_21.s(10): error: A1510E: Immediate 0x00002BDF cannot be represented by 0-255 and a rotation
".\lab2.axf" - 1 Errors, 0 Warning(s).
Target not created
Build target 'Target 1'
assembling Excercise_21.s...
Excercise_21.s(10): error: A1510E: Immediate 0x00002BDF cannot be represented by 0-255 and a rotation
".\lab2.axf" - 1 Errors, 0 Warning(s).
Target not created
Build target 'Target 1'
assembling Excercise_21.s...
Excercise_21.s(10): error: A1510E: Immediate 0x00002BDF cannot be represented by 0-255 and a rotation
".\lab2.axf" - 1 Errors, 0 Warning(s).
Target not created
Build target 'Target 1'
assembling Excercise_21.s...
Excercise_21.s(10): error: A1510E: Immediate 0x00002BDF cannot be represented by 0-255 and a rotation
".\lab2.axf" - 1 Errors, 0 Warning(s).
Target not created
Build target 'Target 1'
assembling Excercise_21.s...
Excercise_21.s(10): error: A1510E: Immediate 0x00002BDF cannot be represented by 0-255 and a rotation
".\lab2.axf" - 1 Errors, 0 Warning(s).
Target not created
Build target 'Target 1'
assembling Excercise_21.s...
Excercise_21.s(10): error: A1510E: Immediate 0x00002BDF cannot be represented by 0-255 and a rotation
".\lab2.axf" - 1 Errors, 0 Warning(s).
Target not created
Build target 'Target 1'
assembling Excercise_21.s...
Excercise_21.s(10): error: A1510E: Immediate 0x00002BDF cannot be represented by 0-255 and a rotation
".\lab2.axf" - 1 Errors, 0 Warning(s).
Target not created
Build target 'Target 1'
assembling Excercise_21.s...
Excercise_21.s(10): error: A1510E: Immediate 0x00002BDF cannot be represented by 0-255 and a rotation
".\lab2.axf" - 1 Errors, 0 Warning(s).
Target not created
Build target 'Target 1'
assembling Excercise_21.s...
Excercise_21.s(10): error: A1510E: Immediate 0x00002BDF cannot be represented by 0-255 and a rotation
".\lab2.axf" - 1 Errors, 0 Warning(s).
Target not created
Build target 'Target 1'
assembling Excercise_21.s...
Excercise_21.s(10): error: A1510E: Immediate 0x00002BDF cannot be represented by 0-255 and a rotation
".\lab2.axf" - 1 Errors, 0 Warning(s).
Target not created
Build target 'Target 1'
assembling Excercise_21.s...
Excercise_21.s(10): error: A1510E: Immediate 0x00002BDF cannot be represented by 0-255 and a rotation
".\lab2.axf" - 1 Errors, 0 Warning(s).
Target not created
Build target 'Target 1'
assembling Excercise_21.s...
Excercise_21.s(10): error: A1510E: Immediate 0x00002BDF cannot be represented by 0-255 and a rotation
".\lab2.axf" - 1 Errors, 0 Warning(s).
Target not created
Build target 'Target 1'
assembling Excercise_21.s...
Excercise_21.s(10): error: A1510E: Immediate 0x00002BDF cannot be represented by 0-255 and a rotation
".\lab2.axf" - 1 Errors, 0 Warning(s).
Target not created
Build target 'Target 1'
assembling Excercise_21.s...
Excercise_21.s(10): error: A1510E: Immediate 0x00002BDF cannot be represented by 0-255 and a rotation
".\lab2.axf" - 1 Errors, 0 Warning(s).
Target not created
Build target 'Target 1'
assembling Excercise_21.s...
Excercise_21.s(10): error: A1510E: Immediate 0x00002BDF cannot be represented by 0-255 and a rotation
".\lab2.axf" - 1 Errors, 0 Warning(s).
Target not created
Build target 'Target 1'
assembling Excercise_21.s...
Excercise_21.s(10): error: A1510E: Immediate 0x00002BDF cannot be represented by 0-255 and a rotation
".\lab2.axf" - 1 Errors, 0 Warning(s).
Target not created
Build target 'Target 1'
assembling Excercise_21.s...
Excercise_21.s(10): error: A1510E: Immediate 0x00002BDF cannot be represented by 0-255 and a rotation
".\lab2.axf" - 1 Errors, 0 Warning(s).
Target not created
Build target 'Target 1'
assembling Excercise_21.s...
Excercise_21.s(10): error: A1510E: Immediate 0x00002BDF cannot be represented by 0-255 and a rotation
".\lab2.axf" - 1 Errors, 0 Warning(s).
Target not created
Build target 'Target 1'
assembling Excercise_21.s...
Excercise_21.s(10): error: A1510E: Immediate 0x00002BDF cannot be represented by 0-255 and a rotation
".\lab2.axf" - 1 Errors, 0 Warning(s).
Target not created
Build target 'Target 1'
assembling Excercise_21.s...
Excercise_21.s(10): error: A1510E: Immediate 0x00002BDF cannot be represented by 0-255 and a rotation
".\lab2.axf" - 1 Errors, 0 Warning(s).
Target not created
Build target 'Target 1'
assembling Excercise_21.s...
Excercise_21.s(10): error: A1510E: Immediate 0x00002BDF cannot be represented by 0-255 and a rotation
".\lab2.axf" - 1 Errors, 0 Warning(s).
Target not created
Build target 'Target 1'
assembling Excercise_21.s...
Excercise_21.s(10): error: A1510E: Immediate 0x00002BDF cannot be represented by 0-255 and a rotation
".\lab2.axf" - 1 Errors, 0 Warning(s).
Target not created
Build target 'Target 1'
assembling Excercise_21.s...
Excercise_21.s(10): error: A1510E: Immediate 0x00002BDF cannot be represented by 0-255 and a rotation
".\lab2.axf" - 1 Errors, 0 Warning(s).
Target not created
Build target 'Target 1'
assembling Excercise_21.s...
Excercise_21.s(10): error: A1510E: Immediate 0x00002BDF cannot be represented by 0-255 and a rotation
".\lab2.axf" - 1 Errors, 0 Warning(s).
Target not created
Build target 'Target 1'
assembling Excercise_21.s...
Excercise_21.s(10): error: A1510E: Immediate 0x00002BDF cannot be represented by 0-255 and a rotation
".\lab2.axf" - 1 Errors, 0 Warning(s).
Target not created
Build target 'Target 1'
assembling Excercise_21.s...
Excercise_21.s(10): error: A1510E: Immediate 0x00002BDF cannot be represented by 0-255 and a rotation
".\lab2.axf" - 1 Errors, 0 Warning(s).
Target not created
Build target 'Target 1'
assembling Excercise_21.s...
Excercise_21.s(10): error: A1510E: Immediate 0x00002BDF cannot be represented by 0-255 and a rotation
".\lab2.axf" - 1 Errors, 0 Warning(s).
Target not created
Build target 'Target 1'
assembling Excercise_21.s...
Excercise_21.s(10): error: A1510E: Immediate 0x00002BDF cannot be represented by 0-255 and a rotation
".\lab2.axf" - 1 Errors, 0 Warning(s).
Target not created
Build target 'Target 1'
assembling Excercise_21.s...
Excercise_21.s(10): error: A1510E: Immediate 0x000004CF cannot be represented by 0-255 and a rotation
".\lab2.axf" - 1 Errors, 0 Warning(s).
Target not created
Build target 'Target 1'
assembling Excercise_21.s...
Excercise_21.s(10): error: A1510E: Immediate 0x000004CF cannot be represented by 0-255 and a rotation
".\lab2.axf" - 1 Errors, 0 Warning(s).
Target not created
Build target 'Target 1'
assembling Excercise_21.s...
Excercise_21.s(10): error: A1510E: Immediate 0x000004CF cannot be represented by 0-255 and a rotation
".\lab2.axf" - 1 Errors, 0 Warning(s).
Target not created
Build target 'Target 1'
assembling Excercise_21.s...
Excercise_21.s(10): error: A1510E: Immediate 0x000004CF cannot be represented by 0-255 and a rotation
".\lab2.axf" - 1 Errors, 0 Warning(s).
Target not created
Build target 'Target 1'
assembling Excercise_21.s...
linking...
Program Size: Code=28 RO-data=0 RW-data=0 ZI-data=0  
".\lab2.axf" - 0 Errors, 0 Warning(s).
